/Users/mine215/Documents/Minecraft/Plugins/TakhtJang/src/main/java/me/mine215/takhtjang/commands/ResetCommand.java
/Users/mine215/Documents/Minecraft/Plugins/TakhtJang/src/main/java/me/mine215/takhtjang/commands/ToggleResCommand.java
/Users/mine215/Documents/Minecraft/Plugins/TakhtJang/src/main/java/me/mine215/takhtjang/events/PickupItemEvent.java
/Users/mine215/Documents/Minecraft/Plugins/TakhtJang/src/main/java/me/mine215/takhtjang/events/BreakBlockEvent.java
/Users/mine215/Documents/Minecraft/Plugins/TakhtJang/src/main/java/me/mine215/takhtjang/events/DamageTakenEvent.java
/Users/mine215/Documents/Minecraft/Plugins/TakhtJang/src/main/java/me/mine215/takhtjang/types/PlayerState.java
/Users/mine215/Documents/Minecraft/Plugins/TakhtJang/src/main/java/me/mine215/takhtjang/types/Team.java
/Users/mine215/Documents/Minecraft/Plugins/TakhtJang/src/main/java/me/mine215/takhtjang/events/PlaceBlockEvent.java
/Users/mine215/Documents/Minecraft/Plugins/TakhtJang/src/main/java/me/mine215/takhtjang/commands/ShopCommand.java
/Users/mine215/Documents/Minecraft/Plugins/TakhtJang/src/main/java/me/mine215/takhtjang/commands/HubCommand.java
/Users/mine215/Documents/Minecraft/Plugins/TakhtJang/src/main/java/me/mine215/takhtjang/commands/KitCommand.java
/Users/mine215/Documents/Minecraft/Plugins/TakhtJang/src/main/java/me/mine215/takhtjang/events/PlayerMoveEvent.java
/Users/mine215/Documents/Minecraft/Plugins/TakhtJang/src/main/java/me/mine215/takhtjang/events/WeatherModifyEvent.java
/Users/mine215/Documents/Minecraft/Plugins/TakhtJang/src/main/java/me/mine215/takhtjang/data/GameData.java
/Users/mine215/Documents/Minecraft/Plugins/TakhtJang/src/main/java/me/mine215/takhtjang/methods/PlayerMethods.java
/Users/mine215/Documents/Minecraft/Plugins/TakhtJang/src/main/java/me/mine215/takhtjang/events/InventoryClickEvent.java
/Users/mine215/Documents/Minecraft/Plugins/TakhtJang/src/main/java/me/mine215/takhtjang/data/TeamInfo.java
/Users/mine215/Documents/Minecraft/Plugins/TakhtJang/src/main/java/me/mine215/takhtjang/events/PlayerSleepEvent.java
/Users/mine215/Documents/Minecraft/Plugins/TakhtJang/src/main/java/me/mine215/takhtjang/data/PlayerInfo.java
/Users/mine215/Documents/Minecraft/Plugins/TakhtJang/src/main/java/me/mine215/takhtjang/commands/JoinCommand.java
/Users/mine215/Documents/Minecraft/Plugins/TakhtJang/src/main/java/me/mine215/takhtjang/TakhtJang.java
